[ config   ] Xtrackers updater:
              MAX_FETCHES=0
              REQUEST_SLEEP=1.5
              CONCURRENCY=2
              AUM=:
              DIVIDEND_YIELD=:
              HISTORY_PAGE_SIZE=1000
              HOLDINGS_PAGE_SIZE=250
              MAX_RETRIES=2
              PERFORMANCE_10Y=:
              PERFORMANCE_1Y=:
              PERFORMANCE_3Y=:
              PERFORMANCE_5Y=:
              PERFORMANCE_YTD=:
              SEC_UA=daggerok Xtrackers ETF feed (https://github.com/daggerok/Xtrackers)
              SEC_YIELD=:
              TER=:
              TICKERS=ASHR,HYLB,DBEF
              TOTAL_RETURN_10Y=:
              TOTAL_RETURN_1Y=:
              TOTAL_RETURN_3Y=:
              TOTAL_RETURN_5Y=:
              TOTAL_RETURN_YTD=:
              VERBOSE=false
[ catalog  ] official workbook contains zero products — trying official US sitemap
[ catalog  ] 43 Xtrackers ETFs (official US sitemap (catalog XLSX unavailable/empty))
[ filter   ] 3 of 43 funds pass filters
[  1/3   ] ASHR  unchanged history=3245 holdings=287 divs=12 netAssets=$1.4B div=2.32 sec=1.36
[  2/3   ] DBEF  unchanged history=3852 holdings=674 divs=12 netAssets=$9.3B div=0 sec=1.93
[  3/3   ] HYLB  unchanged history=2468 holdings=1293 divs=12 netAssets=$3.2B div=6.56 sec=8.04
[ done     ] 0 funds updated, 0 failures
[ done     ] counts: funds=43 holdings=21171 history=77473; processed=3 skipped=0
