Command: TICKERS="ASHR HYLB DBEF" VERBOSE=1 bun scripts/update-data.ts
Revision: 15627abf182e0feca6f8173c4a4816cdb2c67269
Started: 2026-10-01T06:26:41.184Z
Ended: 2026-10-01T06:26:53.374Z
Exit: 0

STDOUT
[ config   ] Xtrackers updater:
              MAX_FETCHES=0
              REQUEST_SLEEP=1.5
              CONCURRENCY=2
              AUM=:
              DIVIDEND_YIELD=:
              HISTORY_PAGE_SIZE=1000
              HOLDINGS_PAGE_SIZE=250
              MAX_RETRIES=2
              PERFORMANCE_10Y=:
              PERFORMANCE_1Y=:
              PERFORMANCE_3Y=:
              PERFORMANCE_5Y=:
              PERFORMANCE_YTD=:
              SEC_UA=daggerok Xtrackers ETF feed (https://github.com/daggerok/Xtrackers)
              SEC_YIELD=:
              TER=:
              TICKERS=ASHR,HYLB,DBEF
              TOTAL_RETURN_10Y=:
              TOTAL_RETURN_1Y=:
              TOTAL_RETURN_3Y=:
              TOTAL_RETURN_5Y=:
              TOTAL_RETURN_YTD=:
              VERBOSE=true
[ catalog  ] 43 Xtrackers ETFs (official US sitemap (catalog XLSX unavailable/empty))
[ filter   ] 3 of 43 funds pass filters
[  1/3   ] ASHR  unchanged history=3244 holdings=287 divs=12 netAssets=$1.4B div=2.32 sec=1.36
[  2/3   ] DBEF  unchanged history=3851 holdings=674 divs=12 netAssets=$9.3B div=0 sec=1.93
[  3/3   ] HYLB  unchanged history=2467 holdings=1277 divs=12 netAssets=$3.2B div=6.56 sec=8.04
[ done     ] 0 funds updated, 0 failures
[ done     ] counts: funds=42 holdings=2238 history=9562; processed=3 skipped=0

STDERR
[ catalog  ] official workbook contains zero products — trying official US sitemap
